..
======================================================================
FAIL: test_backup_and_process_guards_under_optimization (__main__.RunnerTests) (optimized=True, backup='missing')
----------------------------------------------------------------------
Traceback (most recent call last):
  File "/Users/yoonhb/Documents/workspace/maru-shared-adversarial-20261007/r3-optimized/test_runner.py", line 85, in test_backup_and_process_guards_under_optimization
    self.assertIn(b'AssertionError', result.stderr)
AssertionError: b'AssertionError' not found in b'Traceback (most recent call last):\n  File "<string>", line 1, in <module>\n  File "/Users/yoonhb/Documents/workspace/maru-shared-adversarial-20261007/r3-optimized/run.py", line 154, in run\n    require(records[0].read_bytes().split(b\'\\n\\n\', 1)[1] == expected_backup)\nIndexError: list index out of range\n'

======================================================================
FAIL: test_backup_and_process_guards_under_optimization (__main__.RunnerTests) (optimized=True, backup='extra')
----------------------------------------------------------------------
Traceback (most recent call last):
  File "/Users/yoonhb/Documents/workspace/maru-shared-adversarial-20261007/r3-optimized/test_runner.py", line 84, in test_backup_and_process_guards_under_optimization
    self.assertNotEqual(result.returncode, 0)
AssertionError: 0 == 0

======================================================================
FAIL: test_backup_and_process_guards_under_optimization (__main__.RunnerTests) (optimized=True, backup='wrong')
----------------------------------------------------------------------
Traceback (most recent call last):
  File "/Users/yoonhb/Documents/workspace/maru-shared-adversarial-20261007/r3-optimized/test_runner.py", line 84, in test_backup_and_process_guards_under_optimization
    self.assertNotEqual(result.returncode, 0)
AssertionError: 0 == 0

======================================================================
FAIL: test_backup_and_process_guards_under_optimization (__main__.RunnerTests) (optimized=True, backup='valid')
----------------------------------------------------------------------
Traceback (most recent call last):
  File "/Users/yoonhb/Documents/workspace/maru-shared-adversarial-20261007/r3-optimized/test_runner.py", line 84, in test_backup_and_process_guards_under_optimization
    self.assertNotEqual(result.returncode, 0)
AssertionError: 0 == 0

----------------------------------------------------------------------
Ran 3 tests in 1.558s

FAILED (failures=4)
